// Jest Snapshot v1, https://goo.gl/fbAQLP

exports[`AlertBox Displays the status 1`] = `
<div
  className="pv2"
>
  Successful
</div>
`;
