// Jest Snapshot v1, https://goo.gl/fbAQLP

exports[`Counter Displays the count and the label 1`] = `
<p
  className="mb2"
>
  <label
    htmlFor="count"
  >
    Word Count:
  </label>
  <output
    id="count"
  >
    34
  </output>
</p>
`;
